source setup.sh
Initialized empty Git repository in C:/Users/suraj/Documents/Zemoso Learning/git-katas/reset/exercise/.git/
warning: LF will be replaced by CRLF in 1.txt.
The file will have its original line endings in your working directory
[master (root-commit) 1759272] 1
 1 file changed, 1 insertion(+)
 create mode 100644 1.txt
warning: LF will be replaced by CRLF in 2.txt.
The file will have its original line endings in your working directory
[master 4ae5ade] 2
 1 file changed, 1 insertion(+)
 create mode 100644 2.txt
warning: LF will be replaced by CRLF in 3.txt.
The file will have its original line endings in your working directory
[master 005803a] 3
 1 file changed, 1 insertion(+)
 create mode 100644 3.txt
warning: LF will be replaced by CRLF in 4.txt.
The file will have its original line endings in your working directory
[master f03b89e] 4
 1 file changed, 1 insertion(+)
 create mode 100644 4.txt
warning: LF will be replaced by CRLF in 5.txt.
The file will have its original line endings in your working directory
[master 2eccdca] 5
 1 file changed, 1 insertion(+)
 create mode 100644 5.txt
warning: LF will be replaced by CRLF in 6.txt.
The file will have its original line endings in your working directory
[master 96a8853] 6
 1 file changed, 1 insertion(+)
 create mode 100644 6.txt
warning: LF will be replaced by CRLF in 7.txt.
The file will have its original line endings in your working directory
[master 456196b] 7
 1 file changed, 1 insertion(+)
 create mode 100644 7.txt
warning: LF will be replaced by CRLF in 8.txt.
The file will have its original line endings in your working directory
[master af3b583] 8
 1 file changed, 1 insertion(+)
 create mode 100644 8.txt
warning: LF will be replaced by CRLF in 9.txt.
The file will have its original line endings in your working directory
[master 3f7272d] 9
 1 file changed, 1 insertion(+)
 create mode 100644 9.txt
warning: LF will be replaced by CRLF in 10.txt.
The file will have its original line endings in your working directory
[master 23d10f9] 10
 1 file changed, 1 insertion(+)
 create mode 100644 10.txt

suraj@DESKTOP-0HOBOQJ MINGW64 ~/Documents/Zemoso Learning/git-katas/reset/exercise (master)
$ g\\\ls
bash: g\ls: No such file or directory

suraj@DESKTOP-0HOBOQJ MINGW64 ~/Documents/Zemoso Learning/git-katas/reset/exercise (master)
$ ls
1.txt  10.txt  2.txt  3.txt  4.txt  5.txt  6.txt  7.txt  8.txt  9.txt

suraj@DESKTOP-0HOBOQJ MINGW64 ~/Documents/Zemoso Learning/git-katas/reset/exercise (master)
$ git log
commit 23d10f91d3a0169d7c2d7497969e8cdf7ea2f75c (HEAD -> master)
Author: thesuraj-zemoso <suraj.kumar@zemosolabs.com>
Date:   Wed Jan 5 15:34:31 2022 +0530

    10

commit 3f7272dccc616006cbbebfe9496403c3d7a7e5cf
Author: thesuraj-zemoso <suraj.kumar@zemosolabs.com>
Date:   Wed Jan 5 15:34:31 2022 +0530

    9

commit af3b58305d14986805d1e9a92431b647e87538bc
Author: thesuraj-zemoso <suraj.kumar@zemosolabs.com>
Date:   Wed Jan 5 15:34:31 2022 +0530

    8

commit 456196b459353de1d4205b4402bfd957e54fb013
Author: thesuraj-zemoso <suraj.kumar@zemosolabs.com>
Date:   Wed Jan 5 15:34:31 2022 +0530

    7

commit 96a88535c051ed3b0e4751742855df0882e3fa91
Author: thesuraj-zemoso <suraj.kumar@zemosolabs.com>
Date:   Wed Jan 5 15:34:30 2022 +0530

    6

commit 2eccdcac0050beb76e7d71432ea8de510f128291
Author: thesuraj-zemoso <suraj.kumar@zemosolabs.com>
Date:   Wed Jan 5 15:34:30 2022 +0530

    5

commit f03b89e9b1ea6a47bca225c7f8fcbeba65678790
Author: thesuraj-zemoso <suraj.kumar@zemosolabs.com>
Date:   Wed Jan 5 15:34:30 2022 +0530

    4

commit 005803a54ddc62bb6bb105d2bfeee25981d164b3
Author: thesuraj-zemoso <suraj.kumar@zemosolabs.com>
Date:   Wed Jan 5 15:34:30 2022 +0530

    3

commit 4ae5adef05c3369b9d1d6b585b61af58c2f2962f
Author: thesuraj-zemoso <suraj.kumar@zemosolabs.com>
Date:   Wed Jan 5 15:34:30 2022 +0530

    2

commit 17592724713df0cbe8680e72d435a4ab43cd277b
Author: thesuraj-zemoso <suraj.kumar@zemosolabs.com>
Date:   Wed Jan 5 15:34:29 2022 +0530

    1

suraj@DESKTOP-0HOBOQJ MINGW64 ~/Documents/Zemoso Learning/git-katas/reset/exercise (master)
$ git log --oneline --graph --all
* 23d10f9 (HEAD -> master) 10
* 3f7272d 9
* af3b583 8
* 456196b 7
* 96a8853 6
* 2eccdca 5
* f03b89e 4
* 005803a 3
* 4ae5ade 2
* 1759272 1

suraj@DESKTOP-0HOBOQJ MINGW64 ~/Documents/Zemoso Learning/git-katas/reset/exercise (master)
$ git log --decorate --oneline
23d10f9 (HEAD -> master) 10
3f7272d 9
af3b583 8
456196b 7
96a8853 6
2eccdca 5
f03b89e 4
005803a 3
4ae5ade 2
1759272 1

suraj@DESKTOP-0HOBOQJ MINGW64 ~/Documents/Zemoso Learning/git-katas/reset/exercise (master)
$ git status
On branch master
nothing to commit, working tree clean

suraj@DESKTOP-0HOBOQJ MINGW64 ~/Documents/Zemoso Learning/git-katas/reset/exercise (master)
$ git reset --soft HEAD~1

suraj@DESKTOP-0HOBOQJ MINGW64 ~/Documents/Zemoso Learning/git-katas/reset/exercise (master)
$ ls
1.txt  10.txt  2.txt  3.txt  4.txt  5.txt  6.txt  7.txt  8.txt  9.txt

suraj@DESKTOP-0HOBOQJ MINGW64 ~/Documents/Zemoso Learning/git-katas/reset/exercise (master)
$ git log --oneline --graph --all
* 3f7272d (HEAD -> master) 9
* af3b583 8
* 456196b 7
* 96a8853 6
* 2eccdca 5
* f03b89e 4
* 005803a 3
* 4ae5ade 2
* 1759272 1

suraj@DESKTOP-0HOBOQJ MINGW64 ~/Documents/Zemoso Learning/git-katas/reset/exercise (master)
$ git status
On branch master
Changes to be committed:
  (use "git restore --staged <file>..." to unstage)
        new file:   10.txt


suraj@DESKTOP-0HOBOQJ MINGW64 ~/Documents/Zemoso Learning/git-katas/reset/exercise (master)
$ git reset --mixed HEAD~1

suraj@DESKTOP-0HOBOQJ MINGW64 ~/Documents/Zemoso Learning/git-katas/reset/exercise (master)
$ git log --oneline --graph --all
* af3b583 (HEAD -> master) 8
* 456196b 7
* 96a8853 6
* 2eccdca 5
* f03b89e 4
* 005803a 3
* 4ae5ade 2
* 1759272 1

suraj@DESKTOP-0HOBOQJ MINGW64 ~/Documents/Zemoso Learning/git-katas/reset/exercise (master)
$ git status
On branch master
Untracked files:
  (use "git add <file>..." to include in what will be committed)
        10.txt
        9.txt

nothing added to commit but untracked files present (use "git add" to track)

suraj@DESKTOP-0HOBOQJ MINGW64 ~/Documents/Zemoso Learning/git-katas/reset/exercise (master)
$ ls
1.txt  10.txt  2.txt  3.txt  4.txt  5.txt  6.txt  7.txt  8.txt  9.txt

suraj@DESKTOP-0HOBOQJ MINGW64 ~/Documents/Zemoso Learning/git-katas/reset/exercise (master)
$ git reset --hard HEAD~1
HEAD is now at 456196b 7

suraj@DESKTOP-0HOBOQJ MINGW64 ~/Documents/Zemoso Learning/git-katas/reset/exercise (master)
$ git log --oneline --graph --all
* 456196b (HEAD -> master) 7
* 96a8853 6
* 2eccdca 5
* f03b89e 4
* 005803a 3
* 4ae5ade 2
* 1759272 1

suraj@DESKTOP-0HOBOQJ MINGW64 ~/Documents/Zemoso Learning/git-katas/reset/exercise (master)
$ git status
On branch master
Untracked files:
  (use "git add <file>..." to include in what will be committed)
        10.txt
        9.txt

nothing added to commit but untracked files present (use "git add" to track)

suraj@DESKTOP-0HOBOQJ MINGW64 ~/Documents/Zemoso Learning/git-katas/reset/exercise (master)
$ ls
1.txt  10.txt  2.txt  3.txt  4.txt  5.txt  6.txt  7.txt  9.txt

suraj@DESKTOP-0HOBOQJ MINGW64 ~/Documents/Zemoso Learning/git-katas/reset/exercise (master)
$